EN visualizacion NULL C:/Users/Isabel/Desktop/Isabel/uni/tercero/CELT/digital/visualizacion.vhd sub00/vhpl18 1509036209
EN and_2 NULL C:/Users/Isabel/Desktop/Isabel/uni/tercero/CELT/digital/AND_2.vhd sub00/vhpl06 1508428629
EN reg_desp40 NULL C:/Users/Isabel/Desktop/Isabel/uni/tercero/CELT/digital/reg_desp40.vhd sub00/vhpl10 1509030099
AR refresco behavioral C:/Users/Isabel/Desktop/Isabel/uni/tercero/CELT/digital/refresco.vhd sub00/vhpl15 1509036206
AR visualizacion a_visualizacion C:/Users/Isabel/Desktop/Isabel/uni/tercero/CELT/digital/visualizacion.vhd sub00/vhpl19 1509036210
AR sumador40 a_sumador40 C:/Users/Isabel/Desktop/Isabel/uni/tercero/CELT/digital/sumador40.vhd sub00/vhpl03 1508252340
EN refresco NULL C:/Users/Isabel/Desktop/Isabel/uni/tercero/CELT/digital/refresco.vhd sub00/vhpl14 1509036205
AR comparador a_comparador C:/Users/Isabel/Desktop/Isabel/uni/tercero/CELT/digital/comparador.vhd sub00/vhpl09 1508429445
EN mux4x4 NULL C:/Users/Isabel/Desktop/Isabel/uni/tercero/CELT/digital/MUX4x4.vhd sub00/vhpl12 1509036203
EN decod7s NULL C:/Users/Isabel/Desktop/Isabel/uni/tercero/CELT/digital/decod7s.vhd sub00/vhpl16 1509036207
AR registro a_registro C:/Users/Isabel/Desktop/Isabel/uni/tercero/CELT/digital/registro.vhd sub00/vhpl01 1509028301
AR decod7s a_decod7s C:/Users/Isabel/Desktop/Isabel/uni/tercero/CELT/digital/decod7s.vhd sub00/vhpl17 1509036208
AR and_2 a_and_2 C:/Users/Isabel/Desktop/Isabel/uni/tercero/CELT/digital/AND_2.vhd sub00/vhpl07 1508428630
EN sumador40 NULL C:/Users/Isabel/Desktop/Isabel/uni/tercero/CELT/digital/sumador40.vhd sub00/vhpl02 1508252339
EN comparador NULL C:/Users/Isabel/Desktop/Isabel/uni/tercero/CELT/digital/comparador.vhd sub00/vhpl08 1508429444
AR reg_desp40 a_reg_desp40 C:/Users/Isabel/Desktop/Isabel/uni/tercero/CELT/digital/reg_desp40.vhd sub00/vhpl11 1509030100
AR mux4x4 a_mux4x4 C:/Users/Isabel/Desktop/Isabel/uni/tercero/CELT/digital/MUX4x4.vhd sub00/vhpl13 1509036204
AR gen_reloj a_gen_reloj C:/Users/Isabel/Desktop/Isabel/uni/tercero/CELT/digital/gen_reloj.vhd sub00/vhpl05 1509028531
EN gen_reloj NULL C:/Users/Isabel/Desktop/Isabel/uni/tercero/CELT/digital/gen_reloj.vhd sub00/vhpl04 1509028530
EN registro NULL C:/Users/Isabel/Desktop/Isabel/uni/tercero/CELT/digital/registro.vhd sub00/vhpl00 1509028300
