EN visualizacion NULL C:/Users/alumno/celt_f/visualizacion.vhd sub00/vhpl06 1510854651
AR refresco a_refresco C:/Users/alumno/celt_f/refresco.vhd sub00/vhpl03 1510854648
AR visualizacion a_visualizacion C:/Users/alumno/celt_f/visualizacion.vhd sub00/vhpl07 1510854652
EN refresco NULL C:/Users/alumno/celt_f/refresco.vhd sub00/vhpl02 1510854647
EN mux4x4 NULL C:/Users/alumno/celt_f/MUX4x4.vhd sub00/vhpl00 1510854645
EN decod7s NULL C:/Users/alumno/celt_f/decod7s.vhd sub00/vhpl04 1510854649
AR decod7s a_decod7s C:/Users/alumno/celt_f/decod7s.vhd sub00/vhpl05 1510854650
AR mux4x4 a_mux4x4 C:/Users/alumno/celt_f/MUX4x4.vhd sub00/vhpl01 1510854646
